// Jest Snapshot v1, https://goo.gl/fbAQLP

exports[`Sign In component Authentication renders correctly 1`] = `ReactWrapper {}`;
