// Jest Snapshot v1, https://goo.gl/fbAQLP

exports[`Sign In component Sign in renders correctly 1`] = `ShallowWrapper {}`;
