// Jest Snapshot v1, https://goo.gl/fbAQLP

exports[`Sign Up component Sign up renders correctly 1`] = `ShallowWrapper {}`;
